LTspice 26.0.1 for Windows
Circuit: D:\git\Active-Devices\workbook\07 mosfet\ltSpice\halfBridge with bootstrap.net
Start Time: Fri Aug 21 16:47:40 2026
D:\git\Active-Devices\workbook\07 mosfet\ltSpice\halfBridge with bootstrap.net(9): This pin name equals one of the port names of the sub-circuit, but at a different position. This is not a problem, but note that as a result none of the pin names may be used by any .meas expressions.
X§U1 16V Vg_high Vout T2N7002AK_G0_00 ;§pnba 3)1)2
                                             ^
D:\git\Active-Devices\workbook\07 mosfet\ltSpice\halfBridge with bootstrap.net(10): This pin name equals one of the port names of the sub-circuit, but at a different position. This is not a problem, but note that as a result none of the pin names may be used by any .meas expressions.
X§U2 Vout vin 0 T2N7002AK_G0_00 ;§pnba 3)1)2
                                       ^
D:\git\Active-Devices\workbook\07 mosfet\ltSpice\halfBridge with bootstrap.net(11): This pin name equals one of the port names of the sub-circuit, but at a different position. This is not a problem, but note that as a result none of the pin names may be used by any .meas expressions.
X§U3 Vg_high vin 0 T2N7002AK_G0_00 ;§pnba 3)1)2
                                          ^
solver = Normal
Maximum thread count: 20
tnom = 27
temp = 27
method = trap
Direct Newton iteration succeeded in finding operating point.
Total elapsed time: 0.088 seconds.

Files loaded:
D:\git\Active-Devices\workbook\07 mosfet\ltSpice\halfBridge with bootstrap.net
C:\Users\chris\AppData\Local\LTspice\lib\cmp\standard.dio
C:\Users\chris\AppData\Local\LTspice\lib\sub\Contrib\Toshiba\LVMOS\T2N7002AK_G0_00_enc.lib

