G04 EAGLE Gerber RS-274X export*
G75*
%MOMM*%
%FSLAX34Y34*%
%LPD*%
%IN*%
%IPPOS*%
%AMOC8*
5,1,8,0,0,1.08239X$1,22.5*%
G01*
%ADD10C,0.254000*%


D10*
X0Y0D02*
X889000Y0D01*
X889000Y1016000D01*
X0Y1016000D01*
X0Y0D01*
X251800Y751500D02*
X267800Y751500D01*
X267800Y772500D01*
X251800Y772500D01*
X251800Y751500D01*
X341800Y751500D02*
X357800Y751500D01*
X357800Y772500D01*
X341800Y772500D01*
X341800Y751500D01*
X658200Y751500D02*
X674200Y751500D01*
X674200Y772500D01*
X658200Y772500D01*
X658200Y751500D01*
X748200Y751500D02*
X764200Y751500D01*
X764200Y772500D01*
X748200Y772500D01*
X748200Y751500D01*
X545000Y751500D02*
X561000Y751500D01*
X561000Y772500D01*
X545000Y772500D01*
X545000Y751500D01*
X455000Y751500D02*
X471000Y751500D01*
X471000Y772500D01*
X455000Y772500D01*
X455000Y751500D01*
X63779Y184350D02*
X64331Y184277D01*
X64869Y184133D01*
X65384Y183920D01*
X65866Y183641D01*
X66308Y183302D01*
X66702Y182908D01*
X67041Y182466D01*
X67320Y181984D01*
X67533Y181469D01*
X67677Y180931D01*
X67750Y180379D01*
X67750Y179821D01*
X67677Y179269D01*
X67533Y178731D01*
X67320Y178216D01*
X67041Y177734D01*
X66702Y177292D01*
X66308Y176898D01*
X65866Y176559D01*
X65384Y176280D01*
X64869Y176067D01*
X64331Y175923D01*
X63779Y175850D01*
X63221Y175850D01*
X62669Y175923D01*
X62131Y176067D01*
X61616Y176280D01*
X61134Y176559D01*
X60692Y176898D01*
X60298Y177292D01*
X59959Y177734D01*
X59680Y178216D01*
X59467Y178731D01*
X59323Y179269D01*
X59250Y179821D01*
X59250Y180379D01*
X59323Y180931D01*
X59467Y181469D01*
X59680Y181984D01*
X59959Y182466D01*
X60298Y182908D01*
X60692Y183302D01*
X61134Y183641D01*
X61616Y183920D01*
X62131Y184133D01*
X62669Y184277D01*
X63221Y184350D01*
X63779Y184350D01*
X63779Y154350D02*
X64331Y154277D01*
X64869Y154133D01*
X65384Y153920D01*
X65866Y153641D01*
X66308Y153302D01*
X66702Y152908D01*
X67041Y152466D01*
X67320Y151984D01*
X67533Y151469D01*
X67677Y150931D01*
X67750Y150379D01*
X67750Y149821D01*
X67677Y149269D01*
X67533Y148731D01*
X67320Y148216D01*
X67041Y147734D01*
X66702Y147292D01*
X66308Y146898D01*
X65866Y146559D01*
X65384Y146280D01*
X64869Y146067D01*
X64331Y145923D01*
X63779Y145850D01*
X63221Y145850D01*
X62669Y145923D01*
X62131Y146067D01*
X61616Y146280D01*
X61134Y146559D01*
X60692Y146898D01*
X60298Y147292D01*
X59959Y147734D01*
X59680Y148216D01*
X59467Y148731D01*
X59323Y149269D01*
X59250Y149821D01*
X59250Y150379D01*
X59323Y150931D01*
X59467Y151469D01*
X59680Y151984D01*
X59959Y152466D01*
X60298Y152908D01*
X60692Y153302D01*
X61134Y153641D01*
X61616Y153920D01*
X62131Y154133D01*
X62669Y154277D01*
X63221Y154350D01*
X63779Y154350D01*
M02*
