G04 EAGLE Gerber RS-274X export*
G75*
%MOMM*%
%FSLAX34Y34*%
%LPD*%
%IN*%
%IPPOS*%
%AMOC8*
5,1,8,0,0,1.08239X$1,22.5*%
G01*
%ADD10C,0.254000*%


D10*
X0Y0D02*
X926900Y0D01*
X927100Y419100D01*
X0Y419100D01*
X0Y0D01*
X449100Y367932D02*
X449028Y367198D01*
X448884Y366475D01*
X448670Y365770D01*
X448388Y365089D01*
X448041Y364440D01*
X447631Y363827D01*
X447164Y363257D01*
X446643Y362736D01*
X446073Y362269D01*
X445460Y361859D01*
X444811Y361512D01*
X444130Y361230D01*
X443425Y361016D01*
X442702Y360872D01*
X441968Y360800D01*
X441232Y360800D01*
X440498Y360872D01*
X439775Y361016D01*
X439070Y361230D01*
X438389Y361512D01*
X437740Y361859D01*
X437127Y362269D01*
X436557Y362736D01*
X436036Y363257D01*
X435569Y363827D01*
X435159Y364440D01*
X434812Y365089D01*
X434530Y365770D01*
X434316Y366475D01*
X434172Y367198D01*
X434100Y367932D01*
X434100Y368668D01*
X434172Y369402D01*
X434316Y370125D01*
X434530Y370830D01*
X434812Y371511D01*
X435159Y372160D01*
X435569Y372773D01*
X436036Y373343D01*
X436557Y373864D01*
X437127Y374331D01*
X437740Y374741D01*
X438389Y375088D01*
X439070Y375370D01*
X439775Y375584D01*
X440498Y375728D01*
X441232Y375800D01*
X441968Y375800D01*
X442702Y375728D01*
X443425Y375584D01*
X444130Y375370D01*
X444811Y375088D01*
X445460Y374741D01*
X446073Y374331D01*
X446643Y373864D01*
X447164Y373343D01*
X447631Y372773D01*
X448041Y372160D01*
X448388Y371511D01*
X448670Y370830D01*
X448884Y370125D01*
X449028Y369402D01*
X449100Y368668D01*
X449100Y367932D01*
X531100Y367932D02*
X531028Y367198D01*
X530884Y366475D01*
X530670Y365770D01*
X530388Y365089D01*
X530041Y364440D01*
X529631Y363827D01*
X529164Y363257D01*
X528643Y362736D01*
X528073Y362269D01*
X527460Y361859D01*
X526811Y361512D01*
X526130Y361230D01*
X525425Y361016D01*
X524702Y360872D01*
X523968Y360800D01*
X523232Y360800D01*
X522498Y360872D01*
X521775Y361016D01*
X521070Y361230D01*
X520389Y361512D01*
X519740Y361859D01*
X519127Y362269D01*
X518557Y362736D01*
X518036Y363257D01*
X517569Y363827D01*
X517159Y364440D01*
X516812Y365089D01*
X516530Y365770D01*
X516316Y366475D01*
X516172Y367198D01*
X516100Y367932D01*
X516100Y368668D01*
X516172Y369402D01*
X516316Y370125D01*
X516530Y370830D01*
X516812Y371511D01*
X517159Y372160D01*
X517569Y372773D01*
X518036Y373343D01*
X518557Y373864D01*
X519127Y374331D01*
X519740Y374741D01*
X520389Y375088D01*
X521070Y375370D01*
X521775Y375584D01*
X522498Y375728D01*
X523232Y375800D01*
X523968Y375800D01*
X524702Y375728D01*
X525425Y375584D01*
X526130Y375370D01*
X526811Y375088D01*
X527460Y374741D01*
X528073Y374331D01*
X528643Y373864D01*
X529164Y373343D01*
X529631Y372773D01*
X530041Y372160D01*
X530388Y371511D01*
X530670Y370830D01*
X530884Y370125D01*
X531028Y369402D01*
X531100Y368668D01*
X531100Y367932D01*
X32832Y323400D02*
X32098Y323472D01*
X31375Y323616D01*
X30670Y323830D01*
X29989Y324112D01*
X29340Y324459D01*
X28727Y324869D01*
X28157Y325336D01*
X27636Y325857D01*
X27169Y326427D01*
X26759Y327040D01*
X26412Y327689D01*
X26130Y328370D01*
X25916Y329075D01*
X25772Y329798D01*
X25700Y330532D01*
X25700Y331268D01*
X25772Y332002D01*
X25916Y332725D01*
X26130Y333430D01*
X26412Y334111D01*
X26759Y334760D01*
X27169Y335373D01*
X27636Y335943D01*
X28157Y336464D01*
X28727Y336931D01*
X29340Y337341D01*
X29989Y337688D01*
X30670Y337970D01*
X31375Y338184D01*
X32098Y338328D01*
X32832Y338400D01*
X33568Y338400D01*
X34302Y338328D01*
X35025Y338184D01*
X35730Y337970D01*
X36411Y337688D01*
X37060Y337341D01*
X37673Y336931D01*
X38243Y336464D01*
X38764Y335943D01*
X39231Y335373D01*
X39641Y334760D01*
X39988Y334111D01*
X40270Y333430D01*
X40484Y332725D01*
X40628Y332002D01*
X40700Y331268D01*
X40700Y330532D01*
X40628Y329798D01*
X40484Y329075D01*
X40270Y328370D01*
X39988Y327689D01*
X39641Y327040D01*
X39231Y326427D01*
X38764Y325857D01*
X38243Y325336D01*
X37673Y324869D01*
X37060Y324459D01*
X36411Y324112D01*
X35730Y323830D01*
X35025Y323616D01*
X34302Y323472D01*
X33568Y323400D01*
X32832Y323400D01*
X32832Y241400D02*
X32098Y241472D01*
X31375Y241616D01*
X30670Y241830D01*
X29989Y242112D01*
X29340Y242459D01*
X28727Y242869D01*
X28157Y243336D01*
X27636Y243857D01*
X27169Y244427D01*
X26759Y245040D01*
X26412Y245689D01*
X26130Y246370D01*
X25916Y247075D01*
X25772Y247798D01*
X25700Y248532D01*
X25700Y249268D01*
X25772Y250002D01*
X25916Y250725D01*
X26130Y251430D01*
X26412Y252111D01*
X26759Y252760D01*
X27169Y253373D01*
X27636Y253943D01*
X28157Y254464D01*
X28727Y254931D01*
X29340Y255341D01*
X29989Y255688D01*
X30670Y255970D01*
X31375Y256184D01*
X32098Y256328D01*
X32832Y256400D01*
X33568Y256400D01*
X34302Y256328D01*
X35025Y256184D01*
X35730Y255970D01*
X36411Y255688D01*
X37060Y255341D01*
X37673Y254931D01*
X38243Y254464D01*
X38764Y253943D01*
X39231Y253373D01*
X39641Y252760D01*
X39988Y252111D01*
X40270Y251430D01*
X40484Y250725D01*
X40628Y250002D01*
X40700Y249268D01*
X40700Y248532D01*
X40628Y247798D01*
X40484Y247075D01*
X40270Y246370D01*
X39988Y245689D01*
X39641Y245040D01*
X39231Y244427D01*
X38764Y243857D01*
X38243Y243336D01*
X37673Y242869D01*
X37060Y242459D01*
X36411Y242112D01*
X35730Y241830D01*
X35025Y241616D01*
X34302Y241472D01*
X33568Y241400D01*
X32832Y241400D01*
M02*
